ok

ok

ok

c [7 8 9]
b [4 5 6]
a [1 2 3]

ok

c [7 8 9]
a [1 2 3]

no such key

bye
